Date,Hour,DataTransfer,Count
2010-02-01,01:00,200,2
2010-02-01,02:00,250,3
