User,Browser,DataTransfer,Count
Jane,Firefox,100,2
John,IE,100,1
John,Firefox,50,1
Kim,Chrome,100,1
